
> my-v0-project@0.1.0 build C:\Users\Momen\Desktop\aeid
> next build

node.exe :  ΓÜá 
Invalid 
next.config.mjs 
options detected: 
At C:\Users\Momen\App
Data\Roaming\npm\pnpm
.ps1:24 char:5
+     & "node$exe"  "
$basedir/node_modules
/pnpm/bin/pnpm.cjs" 
$args
+     ~~~~~~~~~~~~~~~
~~~~~~~~~~~~~~~~~~~~~
~~~~~~~~~~~~~~~~~~~~~
~~~~
    + CategoryInfo   
           : NotSpe  
  cified: ( ΓÜá In   
 valid ne...ions     
detected: :Strin    
g) [], RemoteExc    
eption
    + FullyQualified 
   ErrorId : Native  
  CommandError
 
 ΓÜá     
Unrecognized key(s) 
in object: 'serverCom
ponentsExternalPackag
es' at "experimental"
 ΓÜá See more info 
here: https://nextjs.
org/docs/messages/inv
alid-next-config
 ΓÜá `experimental.se
rverComponentsExterna
lPackages` has been 
moved to `serverExter
nalPackages`. Please 
update your 
next.config.mjs file 
accordingly.
   Γû▓ Next.js 16.0.3 (Turbopack)
   - Environments: .env
   - Experiments (use with caution):
     ┬╖ clientTraceMetadata
     ? serverComponentsExternalPackages (invalid experimental key)

 ΓÜá The 
"middleware" file 
convention is 
deprecated. Please 
use "proxy" instead. 
Learn more: https://n
extjs.org/docs/messag
es/middleware-to-prox
y
   Creating an optimized production build ...

> Build error 
occurred
Error: Turbopack 
build failed with 1 
errors:
./lib/auth-utils.ts:1
:1
Export 
getServerSession 
doesn't exist in 
target module
[0m[31m[1m>[22m[
39m[90m 1 |[39m 
[36mimport[39m { 
getServerSession } 
[36mfrom[39m 
[32m'next-auth'[39m
 [90m   |[39m [31m
[1m^[22m[39m[31m
[1m^[22m[39m[31m[
1m^[22m[39m[31m[1
m^[22m[39m[31m[1m
^[22m[39m[31m[1m^
[22m[39m[31m[1m^
[22m[39m[31m[1m^[
22m[39m[31m[1m^[2
2m[39m[31m[1m^[22
m[39m[31m[1m^[22m
[39m[31m[1m^[22m
[39m[31m[1m^[22m[
39m[31m[1m^[22m[3
9m[31m[1m^[22m[39
m[31m[1m^[22m[39m
[31m[1m^[22m[39m
[31m[1m^[22m[39m[
31m[1m^[22m[39m[3
1m[1m^[22m[39m[31
m[1m^[22m[39m[31m
[1m^[22m[39m[31m
[1m^[22m[39m[31m[
1m^[22m[39m[31m[1
m^[22m[39m[31m[1m
^[22m[39m[31m[1m^
[22m[39m[31m[1m^
[22m[39m[31m[1m^[
22m[39m[31m[1m^[2
2m[39m[31m[1m^[22
m[39m[31m[1m^[22m
[39m[31m[1m^[22m
[39m[31m[1m^[22m[
39m[31m[1m^[22m[3
9m[31m[1m^[22m[39
m[31m[1m^[22m[39m
[31m[1m^[22m[39m
[31m[1m^[22m[39m[
31m[1m^[22m[39m[3
1m[1m^[22m[39m[31
m[1m^[22m[39m[31m
[1m^[22m[39m[31m
[1m^[22m[39m
 [90m 2 |[39m 
[36mimport[39m { 
authOptions } 
[36mfrom[39m [32m'
@/lib/auth'[39m
 [90m 3 |[39m 
[36mimport[39m { [
33mNextRequest[39m[
33m,[39m [33mNextRe
sponse[39m } 
[36mfrom[39m [32m'
next/server'[39m
 [90m 4 |[39m[0m

The export 
getServerSession was 
not found in module [
project]/node_modules
/.pnpm/next-auth@5.0.
0-beta.30_nex_2863701
1d8909536d90cd9dae302
9c2e/node_modules/nex
t-auth/index.js 
[app-route] 
(ecmascript).
Did you mean to 
import 
CredentialsSignin?
All exports of the 
module are 
statically known (It 
doesn't have dynamic 
exports). So it's 
known statically 
that the requested 
export doesn't exist.

Import trace:
  App Route:
    
./lib/auth-utils.ts
    ./app/api/admin/o
rders/route.ts


    at <unknown> (./l
ib/auth-utils.ts:1:1)
ΓÇëELIFECYCLEΓÇë Command failed with exit code 1.
